<?xml version="1.0" encoding="UTF-8"?>
<testsuites name="jest tests" tests="21" failures="0" errors="0" time="5.395">
  <testsuite name="undefined" errors="0" failures="0" skipped="0" timestamp="2021-04-22T07:17:14" time="0.86" tests="1">
    <testcase classname=" fake test" name=" fake test" time="0.005">
    </testcase>
  </testsuite>
  <testsuite name="undefined" errors="0" failures="0" skipped="0" timestamp="2021-04-22T07:17:14" time="3.712" tests="9">
    <testcase classname=" test collapse scalar" name=" test collapse scalar" time="0.004">
    </testcase>
    <testcase classname=" test collapse vector3" name=" test collapse vector3" time="0.001">
    </testcase>
    <testcase classname=" test collapse vector3 desorder" name=" test collapse vector3 desorder" time="0">
    </testcase>
    <testcase classname=" test collapse scalar &amp; vector3" name=" test collapse scalar &amp; vector3" time="0.003">
    </testcase>
    <testcase classname=" test collapse smatrix" name=" test collapse smatrix" time="0.003">
    </testcase>
    <testcase classname=" test collapse smatrix desorder" name=" test collapse smatrix desorder" time="0">
    </testcase>
    <testcase classname=" test collapse matrix" name=" test collapse matrix" time="0.001">
    </testcase>
    <testcase classname=" test collapse bad smatrix" name=" test collapse bad smatrix" time="0.001">
    </testcase>
    <testcase classname=" test collapse many smatrix" name=" test collapse many smatrix" time="0.002">
    </testcase>
  </testsuite>
  <testsuite name="undefined" errors="0" failures="0" skipped="0" timestamp="2021-04-22T07:17:14" time="3.928" tests="1">
    <testcase classname=" test decode Gocad TS" name=" test decode Gocad TS" time="0.005">
    </testcase>
  </testsuite>
  <testsuite name="undefined" errors="0" failures="0" skipped="0" timestamp="2021-04-22T07:17:14" time="3.918" tests="1">
    <testcase classname=" test decode Gocad S1" name=" test decode Gocad S1" time="0.002">
    </testcase>
  </testsuite>
  <testsuite name="undefined" errors="0" failures="0" skipped="0" timestamp="2021-04-22T07:17:14" time="3.957" tests="2">
    <testcase classname=" test decode simple xyz" name=" test decode simple xyz" time="0.005">
    </testcase>
    <testcase classname=" test decode xyz implicite" name=" test decode xyz implicite" time="0.002">
    </testcase>
  </testsuite>
  <testsuite name="undefined" errors="0" failures="0" skipped="0" timestamp="2021-04-22T07:17:14" time="3.956" tests="1">
    <testcase classname=" test decode Gocad TS" name=" test decode Gocad TS" time="0.005">
    </testcase>
  </testsuite>
  <testsuite name="undefined" errors="0" failures="0" skipped="0" timestamp="2021-04-22T07:17:14" time="3.941" tests="1">
    <testcase classname=" test decode Gocad VS" name=" test decode Gocad VS" time="0.006">
    </testcase>
  </testsuite>
  <testsuite name="undefined" errors="0" failures="0" skipped="0" timestamp="2021-04-22T07:17:14" time="4.008" tests="5">
    <testcase classname=" test 1 decode Gocad TS" name=" test 1 decode Gocad TS" time="0.005">
    </testcase>
    <testcase classname=" test 1 decode Gocad TS NOT merging" name=" test 1 decode Gocad TS NOT merging" time="0.007">
    </testcase>
    <testcase classname=" test 2 decode Gocad TS" name=" test 2 decode Gocad TS" time="0.001">
    </testcase>
    <testcase classname=" test decode Gocad Galapagos with many stresses and displs" name=" test decode Gocad Galapagos with many stresses and displs" time="0.006">
    </testcase>
    <testcase classname=" test decode Gocad with tabulations, spaces, empty lines and comments" name=" test decode Gocad with tabulations, spaces, empty lines and comments" time="0.004">
    </testcase>
  </testsuite>
</testsuites>